3886974
229073018
8310450978
151614096
12866165172
3884608092
5776172526
3933678522
1016096040
15317108752
5720582448
4335007732
92758860
4722621540
510733900
1310794576
199056710
859313490
430614
6974632
11292600
1718653454
595218
1384826400
696528
9545446170
16391940922
87378112
8299508
0
336
418200
1777442604
8262492
4580531046
945101256
32702166
60522
1440
1493056
636216120
439207172
138688
2621520
