48961176
3010275750
8055451920
2275774712
574750852
767472
2052090832
5301485224
4318682096
309362700
6984255660
13995486
373496928
4889100
1696430340
11808455386
1325670230
1005683916
2428754910
201619572
512658384
2362716950
1673598160
734769168
5077872
11618280
486416
6005332850
13788054
13095380
2459527228
10961194874
24249998
2233721820
1765571356
358612744
1155543840
