1630047312816
37119077160
199744088780
4892944518
