113044480548
157931881854
523142949300
147824400752
