17085136
7824273560
91967400
81545112
47807968
88688340
3176426968
0
215692276
217312866
12836816586
139900510
41586972
338455288
28571728
410775228
43204980
1006163316
7852152
2392
2201728140
3529567980
1267102560
71596680
9579126544
2643723348
444582870
36781956
454827444
6060969552
108978050
1753600
240251770
1369650456
3941200884
211000
76941510
5422080
39234468
4062492
948478
122060
18819573530
13273260
6781950
