5071866676
2668860780
207220422
4937241986
192331830
1065943696
4168205340
43207050
5708115096
65382030
9246592
17215346148
1185948
688
28968498
656869938
28440280
55552
305247748
26510820
