1005005000
151623314
14958
9007582766
18032560728
10470742
6328718448
12365841554
4098744
149626344
463301510
5308791484
26429798
131952120
1453837686
15954840
1863075608
104060
12759074942
8111972964
5808512
593323288
2125727760
11280414
6919403546
23896404
68922610
9017042146
7913915904
901038
3115858016
11860761178
1150541076
0
