5441878
225994854
31597108
8869045716
31570928200
3663109848
23098409684
