178596240
39974254208
32329538230
670621140
24650245288
12452350
26429463160
45127320
10312302
510506316
69426106110
